friendly_name: New profiles - Klar Android (Aggregated)
description: |-
  New profiles (Klar Android) aggregated metrics

  Grouped by all dimensions to generate new profiles metric.

  Notes:
  - 2025-01-18: `device_type` and `device_manufacturer` fields added

owners:
  - mozilla/kpi_table_reviewers
  - kik@mozilla.com
labels:
  schedule: daily
  incremental: true
  shredder_mitigation: false
  table_type: aggregate
scheduling:
  dag_name: bqetl_mobile_kpi_metrics
  depends_on_past: false
  task_group: klar_android
bigquery:
  time_partitioning:
    type: day
    field: first_seen_date
    require_partition_filter: false
  clustering:
    fields:
      - normalized_channel
      - country
monitoring:
  enabled: false
  collection: Operational Checks
