friendly_name: Profile / Client Retention - Klar Android (Aggregated)
description: |-
  Profile / Client Retention (Klar Android) aggregated metrics

  For all profiles that sent us a ping on the metric date.
  Client's attribute values as observed on the metric date.

  see: DENG-3183 for more information.

  Grouped by all dimensions to generate activity, new profiles, and retention metrics.

  Notes:
  - 2025-01-18: `device_type` and `device_manufacturer` fields added

owners:
  - mozilla/kpi_table_reviewers
  - kik@mozilla.com
labels:
  schedule: daily
  incremental: true
  shredder_mitigation: false
  table_type: aggregate
scheduling:
  dag_name: bqetl_mobile_kpi_metrics
  depends_on_past: false
  task_group: klar_android
  date_partition_parameter: metric_date
  date_partition_offset: -27
  parameters:
    - submission_date:DATE:{{ds}}
bigquery:
  time_partitioning:
    type: day
    field: metric_date
    require_partition_filter: false
  clustering:
    fields:
      - app_name
      - country
      - first_seen_date
monitoring:
  enabled: false
  collection: Operational Checks
