fields:
- mode: NULLABLE
  name: submission_date
  type: DATE
  description:

- mode: NULLABLE
  name: client_id
  type: STRING
  description:

- mode: NULLABLE
  name: sample_id
  type: INTEGER
  description:

- mode: NULLABLE
  name: normalized_channel
  type: STRING
  description:

