type: BIGCONFIG_FILE
table_deployments:
  - collection:
      name: Operational Checks
      notification_channels:
        - slack: '#de-bigeye-triage'

    deployments:
      - fq_table_name: moz-fx-data-shared-prod.moz-fx-data-shared-prod.fenix_derived.usage_reporting_active_users_aggregates_v1
        table_metrics:
          - saved_metric_id: volume
          - saved_metric_id: freshness
        columns:
          - column_name: submission_date
            metrics:
              - saved_metric_id: is_not_null
          - column_name: country
            metrics:
              - saved_metric_id: is_2_char_len
          - column_name: channel
            metrics:
              - saved_metric_id: is_99_percent_valid_normalized_channel
