friendly_name: Activation Clients - Klar Android
description: |-
  Activation Clients (Klar Android).

  Table grain: submission_date, client_id, normalized_channel
  Table population: all clients

  Notes:
  - 2025-01-18: `device_type` and `device_manufacturer` fields added

owners:
  - mozilla/kpi_table_reviewers
  - kik@mozilla.com
labels:
  schedule: daily
  incremental: true
  shredder_mitigation: false
  table_type: client_level
scheduling:
  dag_name: bqetl_mobile_kpi_metrics
  depends_on_past: false
  task_group: klar_android
bigquery:
  time_partitioning:
    type: day
    field: submission_date
    require_partition_filter: false
    expiration_days: 775
  clustering:
    fields:
      - normalized_channel
      - country
monitoring:
  enabled: false
  collection: Operational Checks
