type: BIGCONFIG_FILE

tag_deployments:
  - collection:
      name: Operational Checks
      notification_channels:
        - slack: '#de-bigeye-triage'
    deployments:
      - column_selectors:
        - name: moz-fx-data-shared-prod.moz-fx-data-shared-prod.fenix_derived.attribution_clients_v1.submission_date
        - name: moz-fx-data-shared-prod.moz-fx-data-shared-prod.fenix_derived.attribution_clients_v1.client_id
        - name: moz-fx-data-shared-prod.moz-fx-data-shared-prod.fenix_derived.attribution_clients_v1.sample_id
        metrics:
          - saved_metric_id: is_not_null
      - column_selectors:
        - name: moz-fx-data-shared-prod.moz-fx-data-shared-prod.fenix_derived.attribution_clients_v1.normalized_channel
        metrics:
          - saved_metric_id: is_99_percent_valid_normalized_channel
      - column_selectors:
        - name: moz-fx-data-shared-prod.moz-fx-data-shared-prod.fenix_derived.attribution_clients_v1.*
        metrics:
          - saved_metric_id: composite_key_uniqueness_2_column
            parameters:
              - key: col_1
                column_name: client_id
              - key: col_1_string
                string_value: client_id
              - key: col_2
                column_name: normalized_channel
              - key: col_2_string
                string_value: normalized_channel
              - key: table
                string_value: moz-fx-data-shared-prod.fenix_derived.attribution_clients_v1
            rct_overrides:
              - FULL_SCAN
      - column_selectors:
        - name: moz-fx-data-shared-prod.moz-fx-data-shared-prod.fenix_derived.attribution_clients_v1.*
        metrics:
          - saved_metric_id: freshness
          - saved_metric_id: volume
