fields:
- mode: NULLABLE
  name: submission_date
  type: DATE
  description: Date corresponding to processing date.

- mode: NULLABLE
  name: first_seen_date
  type: DATE
  description: Date we first received a baseline ping from the profile.

- mode: NULLABLE
  name: client_id
  type: STRING
  description: Client ID

- mode: NULLABLE
  name: normalized_channel
  type: STRING
  description: Release channel of the app the profile is using.

- name: app_name
  type: STRING
  mode: NULLABLE
  description: App name the profile is using.

- name: app_version
  type: STRING
  mode: NULLABLE
  description: Client's app version on the first seen date.

- name: country
  type: STRING
  mode: NULLABLE
  description: Client's country on the first seen date.

- name: city
  type: STRING
  mode: NULLABLE
  description: Client's city on the first seen date.

- name: geo_subdivision
  type: STRING
  mode: NULLABLE
  description: Client's geo subdivision on the first seen date.

- name: locale
  type: STRING
  mode: NULLABLE
  description: Client's locale on the first seen date.

- name: isp
  type: STRING
  mode: NULLABLE
  description: Client's isp subdivision on the first seen date.

- name: os
  type: STRING
  mode: NULLABLE
  description: Client's os on the first seen date.

- name: os_version
  type: STRING
  mode: NULLABLE
  description: Client's os version on the first seen date.

- name: device_model
  type: STRING
  mode: NULLABLE
  description: Client's device model on the first seen date.

- name: device_manufacturer
  type: STRING
  mode: NULLABLE
  description: Client's device manufacturer on the first seen date.

- name: is_mobile
  type: BOOLEAN
  mode: NULLABLE
  description: Indicates if this specific entry is used towards calculating mobile DAU.

- name: play_store_attribution_campaign
  type: STRING
  mode: NULLABLE
  description: Play store campaign the profile is attributed to.

- name: play_store_attribution_medium
  type: STRING
  mode: NULLABLE
  description: Play store Medium the profile is attributed to.

- name: play_store_attribution_source
  type: STRING
  mode: NULLABLE
  description: Play store source the profile is attributed to.

- name: play_store_attribution_timestamp
  type: TIMESTAMP
  mode: NULLABLE
  description: Timestamp corresponding to the ping that contained the play_store attribution.

- name: play_store_attribution_content
  type: STRING
  mode: NULLABLE
  description: 

- name: play_store_attribution_term
  type: STRING
  mode: NULLABLE
  description: 

- name: play_store_attribution_install_referrer_response
  type: STRING
  mode: NULLABLE
  description: Play store source the profile is attributed to.

- name: meta_attribution_app
  type: STRING
  mode: NULLABLE
  description: Facebook app linked to paid marketing.

- name: meta_attribution_timestamp
  type: TIMESTAMP
  mode: NULLABLE
  description: Timestamp corresponding to the ping that contained the meta attribution.

- name: install_source
  type: STRING
  mode: NULLABLE
  description: The source of a profile installation.

- name: adjust_ad_group
  type: STRING
  mode: NULLABLE
  description: Adjust Ad Group the profile is attributed to.

- name: adjust_campaign
  type: STRING
  mode: NULLABLE
  description: Adjust Campaign the profile is attributed to.

- name: adjust_creative
  type: STRING
  mode: NULLABLE
  description: Adjust Creative the profile is attributed to.

- name: adjust_network
  type: STRING
  mode: NULLABLE
  description: Adjust Network the profile is attributed to.

- name: adjust_attribution_timestamp
  type: TIMESTAMP
  mode: NULLABLE
  description: Timestamp corresponding to the ping that contained the adjust attribution.

- name: distribution_id
  type: STRING
  mode: NULLABLE
  description: A string containing the distribution identifier.

- name: device_type
  type: STRING
  mode: NULLABLE
  description: |
    On Apple devices allows us to differentiate between iPhone and iPad. On Android devices the value is always "Android".

- name: num_days_seen_day_2_7
  type: INTEGER
  mode: NULLABLE
  description: |
    Number of days we saw the client in between 2nd and 7th days since first_seen_date.

- name: num_days_active_day_2_7
  type: INTEGER
  mode: NULLABLE
  description: |
    Number of days the client was active between day 2 and 7 since first_seen_date.

- name: search_count
  type: INTEGER
  mode: NULLABLE
  description: |
    Number of searches performed by the client in the last 3 days.
