# Generated via `usage_reporting` SQL generator.
friendly_name: Clients Daily Based on the DAU Reporting Ping.
description: |-
  A daily aggregate of usage_reporting pings per `usage_profile_id`.

  Cluster by: `normalized_channel`, `normalized_country_code`

owners:
  - kik@mozilla.com
labels:
  incremental: true
  schedule: daily
scheduling:
  dag_name: bqetl_usage_reporting
  task_group: fenix
bigquery:
  time_partitioning:
    type: day
    field: submission_date
    require_partition_filter: true
    expiration_days: 775
  clustering:
    fields:
    - normalized_country_code
monitoring:
  enabled: true
