fields:
- mode: NULLABLE
  name: submission_date
  type: DATE
  description: Date corresponding to processing date which is 7 days after the first_seen_date.

- mode: NULLABLE
  name: first_seen_date
  type: DATE
  description: Date we first received a baseline ping from the profile.

- mode: NULLABLE
  name: normalized_channel
  type: STRING
  description: Release channel of the app the profile is using.

- name: app_name
  type: STRING
  mode: NULLABLE
  description: App name the profile is using.

- name: app_version
  type: STRING
  mode: NULLABLE
  description: Client's app version on the first seen date.

- name: country
  type: STRING
  mode: NULLABLE
  description: Client's country on the first seen date.

- name: locale
  type: STRING
  mode: NULLABLE
  description: Client's locale on the first seen date.

- name: os
  type: STRING
  mode: NULLABLE
  description: Client's os on the first seen date.

- name: os_version
  type: STRING
  mode: NULLABLE
  description: Client's os version on the first seen date.

- name: device_manufacturer
  type: STRING
  mode: NULLABLE
  description: Client's device manufacturer on the first seen date.

- name: is_mobile
  type: BOOLEAN
  mode: NULLABLE
  description: Indicates if this specific entry is used towards calculating mobile DAU.

- name: device_type
  type: STRING
  mode: NULLABLE
  description: |
    On Apple devices allows us to differentiate between iPhone and iPad. On Android devices the value is always "Android".

- name: activations
  type: INTEGER
  mode: NULLABLE
  description: Number of activations for the first seen date.

- name: early_engagements
  type: INTEGER
  mode: NULLABLE
  description: Number of early_engagements for the first seen date.
